{
  "version": "1.5.0",
  "plugins_used": [
    {
      "name": "ArtifactoryDetector"
    },
    {
      "name": "AWSKeyDetector"
    },
    {
      "name": "AzureStorageKeyDetector"
    },
    {
      "name": "Base64HighEntropyString",
      "limit": 4.5
    },
    {
      "name": "BasicAuthDetector"
    },
    {
      "name": "CloudantDetector"
    },
    {
      "name": "DiscordBotTokenDetector"
    },
    {
      "name": "GitHubTokenDetector"
    },
    {
      "name": "GitLabTokenDetector"
    },
    {
      "name": "HexHighEntropyString",
      "limit": 3.0
    },
    {
      "name": "IbmCloudIamDetector"
    },
    {
      "name": "IbmCosHmacDetector"
    },
    {
      "name": "IPPublicDetector"
    },
    {
      "name": "JwtTokenDetector"
    },
    {
      "name": "KeywordDetector",
      "keyword_exclude": ""
    },
    {
      "name": "MailchimpDetector"
    },
    {
      "name": "NpmDetector"
    },
    {
      "name": "OpenAIDetector"
    },
    {
      "name": "PrivateKeyDetector"
    },
    {
      "name": "PypiTokenDetector"
    },
    {
      "name": "SendGridDetector"
    },
    {
      "name": "SlackDetector"
    },
    {
      "name": "SoftlayerDetector"
    },
    {
      "name": "SquareOAuthDetector"
    },
    {
      "name": "StripeDetector"
    },
    {
      "name": "TelegramBotTokenDetector"
    },
    {
      "name": "TwilioKeyDetector"
    }
  ],
  "filters_used": [
    {
      "path": "detect_secrets.filters.allowlist.is_line_allowlisted"
    },
    {
      "path": "detect_secrets.filters.common.is_baseline_file",
      "filename": ".secrets.baseline"
    },
    {
      "path": "detect_secrets.filters.common.is_ignored_due_to_verification_policies",
      "min_level": 2
    },
    {
      "path": "detect_secrets.filters.heuristic.is_indirect_reference"
    },
    {
      "path": "detect_secrets.filters.heuristic.is_likely_id_string"
    },
    {
      "path": "detect_secrets.filters.heuristic.is_lock_file"
    },
    {
      "path": "detect_secrets.filters.heuristic.is_not_alphanumeric_string"
    },
    {
      "path": "detect_secrets.filters.heuristic.is_potential_uuid"
    },
    {
      "path": "detect_secrets.filters.heuristic.is_prefixed_with_dollar_sign"
    },
    {
      "path": "detect_secrets.filters.heuristic.is_sequential_string"
    },
    {
      "path": "detect_secrets.filters.heuristic.is_swagger_file"
    },
    {
      "path": "detect_secrets.filters.heuristic.is_templated_secret"
    },
    {
      "path": "detect_secrets.filters.regex.should_exclude_file",
      "pattern": [
        "pnpm-lock\\.yaml|\\.env\\.development\\.example|node_modules"
      ]
    }
  ],
  "results": {
    ".claude/skills/playwright-e2e/makerkit.md": [
      {
        "type": "Secret Keyword",
        "filename": ".claude/skills/playwright-e2e/makerkit.md",
        "hashed_secret": "cbfdac6008f9cab4083784cbd1874f76618d2a97",
        "is_verified": false,
        "line_number": 78,
        "is_secret": false
      }
    ],
    "apps/docs/concepts/async-vs-sync.mdx": [
      {
        "type": "Secret Keyword",
        "filename": "apps/docs/concepts/async-vs-sync.mdx",
        "hashed_secret": "11fa7c37d697f30e6aee828b4426a10f83ab2380",
        "is_verified": false,
        "line_number": 45,
        "is_secret": false
      }
    ],
    "apps/docs/concepts/confidence.mdx": [
      {
        "type": "Secret Keyword",
        "filename": "apps/docs/concepts/confidence.mdx",
        "hashed_secret": "11fa7c37d697f30e6aee828b4426a10f83ab2380",
        "is_verified": false,
        "line_number": 77,
        "is_secret": false
      }
    ],
    "apps/docs/concepts/correction-cascade.mdx": [
      {
        "type": "Secret Keyword",
        "filename": "apps/docs/concepts/correction-cascade.mdx",
        "hashed_secret": "11fa7c37d697f30e6aee828b4426a10f83ab2380",
        "is_verified": false,
        "line_number": 52,
        "is_secret": false
      }
    ],
    "apps/docs/concepts/sessions.mdx": [
      {
        "type": "Secret Keyword",
        "filename": "apps/docs/concepts/sessions.mdx",
        "hashed_secret": "11fa7c37d697f30e6aee828b4426a10f83ab2380",
        "is_verified": false,
        "line_number": 45,
        "is_secret": false
      },
      {
        "type": "Base64 High Entropy String",
        "filename": "apps/docs/concepts/sessions.mdx",
        "hashed_secret": "7cdb34e027ae7350b1e01e712ae2b1a7966ed6a3",
        "is_verified": false,
        "line_number": 147,
        "is_secret": false
      }
    ],
    "apps/docs/quickstart.mdx": [
      {
        "type": "Secret Keyword",
        "filename": "apps/docs/quickstart.mdx",
        "hashed_secret": "11fa7c37d697f30e6aee828b4426a10f83ab2380",
        "is_verified": false,
        "line_number": 65,
        "is_secret": false
      }
    ],
    "apps/docs/typescript/installation.mdx": [
      {
        "type": "Secret Keyword",
        "filename": "apps/docs/typescript/installation.mdx",
        "hashed_secret": "81d1e434fdb0733602ff13a131f9811d9b9df3f9",
        "is_verified": false,
        "line_number": 51,
        "is_secret": false
      },
      {
        "type": "Secret Keyword",
        "filename": "apps/docs/typescript/installation.mdx",
        "hashed_secret": "a0f4ea7d91495df92bbac2e2149dfb850fe81396",
        "is_verified": false,
        "line_number": 73,
        "is_secret": false
      }
    ],
    "apps/e2e/tests/account/account.spec.ts": [
      {
        "type": "Secret Keyword",
        "filename": "apps/e2e/tests/account/account.spec.ts",
        "hashed_secret": "baee6206dfe8af3451bd66f68a7fe76ab4cf1743",
        "is_verified": false,
        "line_number": 17,
        "is_secret": false
      }
    ],
    "apps/e2e/tests/admin/admin.spec.ts": [
      {
        "type": "Secret Keyword",
        "filename": "apps/e2e/tests/admin/admin.spec.ts",
        "hashed_secret": "baee6206dfe8af3451bd66f68a7fe76ab4cf1743",
        "is_verified": false,
        "line_number": 120,
        "is_secret": false
      }
    ],
    "apps/e2e/tests/authentication/auth.po.ts": [
      {
        "type": "Secret Keyword",
        "filename": "apps/e2e/tests/authentication/auth.po.ts",
        "hashed_secret": "5baa61e4c9b93f3f0682250b6cf8331b7ee68fd8",
        "is_verified": false,
        "line_number": 106,
        "is_secret": false
      },
      {
        "type": "Base64 High Entropy String",
        "filename": "apps/e2e/tests/authentication/auth.po.ts",
        "hashed_secret": "fc8cd4416b747b8f6c143216768cfa5db26d42af",
        "is_verified": false,
        "line_number": 145,
        "is_secret": false
      }
    ],
    "apps/e2e/tests/authentication/auth.spec.ts": [
      {
        "type": "Secret Keyword",
        "filename": "apps/e2e/tests/authentication/auth.spec.ts",
        "hashed_secret": "5baa61e4c9b93f3f0682250b6cf8331b7ee68fd8",
        "is_verified": false,
        "line_number": 20,
        "is_secret": false
      },
      {
        "type": "Secret Keyword",
        "filename": "apps/e2e/tests/authentication/auth.spec.ts",
        "hashed_secret": "baee6206dfe8af3451bd66f68a7fe76ab4cf1743",
        "is_verified": false,
        "line_number": 58,
        "is_secret": false
      }
    ],
    "apps/e2e/tests/authentication/password-reset.spec.ts": [
      {
        "type": "Secret Keyword",
        "filename": "apps/e2e/tests/authentication/password-reset.spec.ts",
        "hashed_secret": "5baa61e4c9b93f3f0682250b6cf8331b7ee68fd8",
        "is_verified": false,
        "line_number": 14,
        "is_secret": false
      }
    ],
    "apps/e2e/tests/team-accounts/team-accounts.spec.ts": [
      {
        "type": "Secret Keyword",
        "filename": "apps/e2e/tests/team-accounts/team-accounts.spec.ts",
        "hashed_secret": "5baa61e4c9b93f3f0682250b6cf8331b7ee68fd8",
        "is_verified": false,
        "line_number": 344,
        "is_secret": false
      }
    ],
    "apps/landing/app/_components/hero-code-editor.tsx": [
      {
        "type": "Secret Keyword",
        "filename": "apps/landing/app/_components/hero-code-editor.tsx",
        "hashed_secret": "11fa7c37d697f30e6aee828b4426a10f83ab2380",
        "is_verified": false,
        "line_number": 39,
        "is_secret": false
      }
    ],
    "apps/landing/content/pseo/guides/cross/azure-ai-agents-rag-pipeline.json": [
      {
        "type": "Secret Keyword",
        "filename": "apps/landing/content/pseo/guides/cross/azure-ai-agents-rag-pipeline.json",
        "hashed_secret": "88077133251ca042b9a9985f6b2b60b2cf9da6ae",
        "is_verified": false,
        "line_number": 67
      }
    ],
    "apps/landing/content/pseo/guides/cross/azure-ai-agents-research-agents.json": [
      {
        "type": "Secret Keyword",
        "filename": "apps/landing/content/pseo/guides/cross/azure-ai-agents-research-agents.json",
        "hashed_secret": "11fa7c37d697f30e6aee828b4426a10f83ab2380",
        "is_verified": false,
        "line_number": 67
      }
    ],
    "apps/landing/content/pseo/guides/cross/azure-ai-agents-workflow-automation.json": [
      {
        "type": "Secret Keyword",
        "filename": "apps/landing/content/pseo/guides/cross/azure-ai-agents-workflow-automation.json",
        "hashed_secret": "88077133251ca042b9a9985f6b2b60b2cf9da6ae",
        "is_verified": false,
        "line_number": 61
      }
    ],
    "apps/landing/content/pseo/guides/cross/bedrock-agents-code-generation.json": [
      {
        "type": "Secret Keyword",
        "filename": "apps/landing/content/pseo/guides/cross/bedrock-agents-code-generation.json",
        "hashed_secret": "7d0f8a49777db364519ebc8657efe62236ea4b98",
        "is_verified": false,
        "line_number": 87
      }
    ],
    "apps/landing/content/pseo/guides/cross/bedrock-agents-research-agents.json": [
      {
        "type": "Secret Keyword",
        "filename": "apps/landing/content/pseo/guides/cross/bedrock-agents-research-agents.json",
        "hashed_secret": "96bcac0ed34127acd55949dd5e47dfb5dca9c17c",
        "is_verified": false,
        "line_number": 87
      }
    ],
    "apps/landing/content/pseo/guides/cross/beeai-research-agents.json": [
      {
        "type": "Secret Keyword",
        "filename": "apps/landing/content/pseo/guides/cross/beeai-research-agents.json",
        "hashed_secret": "76bf6bda46fddbe908b3687480bcc8d48688e00a",
        "is_verified": false,
        "line_number": 81
      },
      {
        "type": "Secret Keyword",
        "filename": "apps/landing/content/pseo/guides/cross/beeai-research-agents.json",
        "hashed_secret": "113cbc4bf279f3a3ca423e9eb1aa5f3feabd6058",
        "is_verified": false,
        "line_number": 93
      }
    ],
    "apps/landing/content/pseo/guides/cross/claude-tool-use-chatbot.json": [
      {
        "type": "Secret Keyword",
        "filename": "apps/landing/content/pseo/guides/cross/claude-tool-use-chatbot.json",
        "hashed_secret": "9ad19750930e5cf133e024641c00daf5fc90c700",
        "is_verified": false,
        "line_number": 67
      },
      {
        "type": "Secret Keyword",
        "filename": "apps/landing/content/pseo/guides/cross/claude-tool-use-chatbot.json",
        "hashed_secret": "fe36f38865db2e64a457a9b1b3c6292b3b692c8f",
        "is_verified": false,
        "line_number": 93
      }
    ],
    "apps/landing/content/pseo/guides/cross/claude-tool-use-research-agents.json": [
      {
        "type": "Secret Keyword",
        "filename": "apps/landing/content/pseo/guides/cross/claude-tool-use-research-agents.json",
        "hashed_secret": "9ad19750930e5cf133e024641c00daf5fc90c700",
        "is_verified": false,
        "line_number": 67
      },
      {
        "type": "Secret Keyword",
        "filename": "apps/landing/content/pseo/guides/cross/claude-tool-use-research-agents.json",
        "hashed_secret": "fe36f38865db2e64a457a9b1b3c6292b3b692c8f",
        "is_verified": false,
        "line_number": 93
      }
    ],
    "apps/landing/content/pseo/guides/cross/crewai-customer-support.json": [
      {
        "type": "Secret Keyword",
        "filename": "apps/landing/content/pseo/guides/cross/crewai-customer-support.json",
        "hashed_secret": "f1e015022438e1a0e62f104af2a47f6999a9aec3",
        "is_verified": false,
        "line_number": 81
      }
    ],
    "apps/landing/content/pseo/guides/cross/dspy-content-generation.json": [
      {
        "type": "Secret Keyword",
        "filename": "apps/landing/content/pseo/guides/cross/dspy-content-generation.json",
        "hashed_secret": "f1e015022438e1a0e62f104af2a47f6999a9aec3",
        "is_verified": false,
        "line_number": 81
      }
    ],
    "apps/landing/content/pseo/guides/cross/semantic-kernel-coding-assistant.json": [
      {
        "type": "Secret Keyword",
        "filename": "apps/landing/content/pseo/guides/cross/semantic-kernel-coding-assistant.json",
        "hashed_secret": "f1e015022438e1a0e62f104af2a47f6999a9aec3",
        "is_verified": false,
        "line_number": 93
      }
    ],
    "apps/landing/content/pseo/guides/cross/semantic-kernel-content-generation.json": [
      {
        "type": "Secret Keyword",
        "filename": "apps/landing/content/pseo/guides/cross/semantic-kernel-content-generation.json",
        "hashed_secret": "03e1976ea4919b1817356c15e9370bfeb27c5b4d",
        "is_verified": false,
        "line_number": 87
      }
    ],
    "apps/landing/content/pseo/guides/cross/semantic-kernel-workflow-automation.json": [
      {
        "type": "Secret Keyword",
        "filename": "apps/landing/content/pseo/guides/cross/semantic-kernel-workflow-automation.json",
        "hashed_secret": "03e1976ea4919b1817356c15e9370bfeb27c5b4d",
        "is_verified": false,
        "line_number": 87
      }
    ],
    "apps/landing/content/pseo/guides/industry/azure-ai-agents-cybersecurity.json": [
      {
        "type": "Secret Keyword",
        "filename": "apps/landing/content/pseo/guides/industry/azure-ai-agents-cybersecurity.json",
        "hashed_secret": "a16734a8b2cba560fbafc2dd36ddd04c5440da68",
        "is_verified": false,
        "line_number": 84
      }
    ],
    "apps/landing/content/pseo/guides/industry/azure-ai-agents-enterprise.json": [
      {
        "type": "Secret Keyword",
        "filename": "apps/landing/content/pseo/guides/industry/azure-ai-agents-enterprise.json",
        "hashed_secret": "f3ef12b063dc098f574caa22fe0ce2696db035da",
        "is_verified": false,
        "line_number": 84
      }
    ],
    "apps/landing/content/pseo/guides/industry/azure-ai-agents-legal.json": [
      {
        "type": "Secret Keyword",
        "filename": "apps/landing/content/pseo/guides/industry/azure-ai-agents-legal.json",
        "hashed_secret": "03e1976ea4919b1817356c15e9370bfeb27c5b4d",
        "is_verified": false,
        "line_number": 84
      }
    ],
    "apps/landing/content/pseo/guides/industry/azure-ai-agents-recruitment.json": [
      {
        "type": "Secret Keyword",
        "filename": "apps/landing/content/pseo/guides/industry/azure-ai-agents-recruitment.json",
        "hashed_secret": "03e1976ea4919b1817356c15e9370bfeb27c5b4d",
        "is_verified": false,
        "line_number": 78
      }
    ],
    "apps/landing/content/pseo/guides/industry/bedrock-agents-cybersecurity.json": [
      {
        "type": "Secret Keyword",
        "filename": "apps/landing/content/pseo/guides/industry/bedrock-agents-cybersecurity.json",
        "hashed_secret": "03e1976ea4919b1817356c15e9370bfeb27c5b4d",
        "is_verified": false,
        "line_number": 78
      }
    ],
    "apps/landing/content/pseo/guides/industry/bedrock-agents-education.json": [
      {
        "type": "Secret Keyword",
        "filename": "apps/landing/content/pseo/guides/industry/bedrock-agents-education.json",
        "hashed_secret": "f1e015022438e1a0e62f104af2a47f6999a9aec3",
        "is_verified": false,
        "line_number": 84
      }
    ],
    "apps/landing/content/pseo/guides/industry/bedrock-agents-enterprise.json": [
      {
        "type": "Secret Keyword",
        "filename": "apps/landing/content/pseo/guides/industry/bedrock-agents-enterprise.json",
        "hashed_secret": "03e1976ea4919b1817356c15e9370bfeb27c5b4d",
        "is_verified": false,
        "line_number": 72
      }
    ],
    "apps/landing/content/pseo/guides/industry/bedrock-agents-fintech.json": [
      {
        "type": "Secret Keyword",
        "filename": "apps/landing/content/pseo/guides/industry/bedrock-agents-fintech.json",
        "hashed_secret": "03e1976ea4919b1817356c15e9370bfeb27c5b4d",
        "is_verified": false,
        "line_number": 78
      }
    ],
    "apps/landing/content/pseo/guides/industry/bedrock-agents-government.json": [
      {
        "type": "Secret Keyword",
        "filename": "apps/landing/content/pseo/guides/industry/bedrock-agents-government.json",
        "hashed_secret": "f1e015022438e1a0e62f104af2a47f6999a9aec3",
        "is_verified": false,
        "line_number": 78
      }
    ],
    "apps/landing/content/pseo/guides/industry/bedrock-agents-healthcare.json": [
      {
        "type": "Secret Keyword",
        "filename": "apps/landing/content/pseo/guides/industry/bedrock-agents-healthcare.json",
        "hashed_secret": "03e1976ea4919b1817356c15e9370bfeb27c5b4d",
        "is_verified": false,
        "line_number": 78
      }
    ],
    "apps/landing/content/pseo/guides/industry/bedrock-agents-insurance.json": [
      {
        "type": "Secret Keyword",
        "filename": "apps/landing/content/pseo/guides/industry/bedrock-agents-insurance.json",
        "hashed_secret": "03e1976ea4919b1817356c15e9370bfeb27c5b4d",
        "is_verified": false,
        "line_number": 78
      }
    ],
    "apps/landing/content/pseo/guides/industry/bedrock-agents-legal.json": [
      {
        "type": "Secret Keyword",
        "filename": "apps/landing/content/pseo/guides/industry/bedrock-agents-legal.json",
        "hashed_secret": "03e1976ea4919b1817356c15e9370bfeb27c5b4d",
        "is_verified": false,
        "line_number": 78
      }
    ],
    "apps/landing/content/pseo/guides/industry/bedrock-agents-recruitment.json": [
      {
        "type": "Secret Keyword",
        "filename": "apps/landing/content/pseo/guides/industry/bedrock-agents-recruitment.json",
        "hashed_secret": "03e1976ea4919b1817356c15e9370bfeb27c5b4d",
        "is_verified": false,
        "line_number": 78
      }
    ],
    "apps/landing/content/pseo/guides/industry/claude-tool-use-cybersecurity.json": [
      {
        "type": "Secret Keyword",
        "filename": "apps/landing/content/pseo/guides/industry/claude-tool-use-cybersecurity.json",
        "hashed_secret": "6d9c68c603e465077bdd49c62347fe54717f83a3",
        "is_verified": false,
        "line_number": 84
      }
    ],
    "apps/landing/content/pseo/guides/industry/claude-tool-use-ecommerce.json": [
      {
        "type": "Secret Keyword",
        "filename": "apps/landing/content/pseo/guides/industry/claude-tool-use-ecommerce.json",
        "hashed_secret": "a7979904021cdb66cf919115ca138702b6839e10",
        "is_verified": false,
        "line_number": 84
      }
    ],
    "apps/landing/content/pseo/guides/industry/claude-tool-use-government.json": [
      {
        "type": "Secret Keyword",
        "filename": "apps/landing/content/pseo/guides/industry/claude-tool-use-government.json",
        "hashed_secret": "6d9c68c603e465077bdd49c62347fe54717f83a3",
        "is_verified": false,
        "line_number": 78
      }
    ],
    "apps/landing/content/pseo/guides/industry/claude-tool-use-healthcare.json": [
      {
        "type": "Secret Keyword",
        "filename": "apps/landing/content/pseo/guides/industry/claude-tool-use-healthcare.json",
        "hashed_secret": "6d9c68c603e465077bdd49c62347fe54717f83a3",
        "is_verified": false,
        "line_number": 84
      }
    ],
    "apps/landing/content/pseo/guides/industry/claude-tool-use-insurance.json": [
      {
        "type": "Secret Keyword",
        "filename": "apps/landing/content/pseo/guides/industry/claude-tool-use-insurance.json",
        "hashed_secret": "6d9c68c603e465077bdd49c62347fe54717f83a3",
        "is_verified": false,
        "line_number": 78
      }
    ],
    "apps/landing/content/pseo/guides/industry/claude-tool-use-legal.json": [
      {
        "type": "Secret Keyword",
        "filename": "apps/landing/content/pseo/guides/industry/claude-tool-use-legal.json",
        "hashed_secret": "6d9c68c603e465077bdd49c62347fe54717f83a3",
        "is_verified": false,
        "line_number": 78
      }
    ],
    "apps/landing/content/pseo/guides/industry/claude-tool-use-recruitment.json": [
      {
        "type": "Secret Keyword",
        "filename": "apps/landing/content/pseo/guides/industry/claude-tool-use-recruitment.json",
        "hashed_secret": "a7979904021cdb66cf919115ca138702b6839e10",
        "is_verified": false,
        "line_number": 78
      }
    ],
    "apps/landing/content/pseo/guides/industry/n8n-healthcare.json": [
      {
        "type": "Secret Keyword",
        "filename": "apps/landing/content/pseo/guides/industry/n8n-healthcare.json",
        "hashed_secret": "71b3ccdde4ae8c475ed48d4d167f94788528d967",
        "is_verified": false,
        "line_number": 59
      }
    ],
    "apps/landing/content/pseo/guides/industry/openai-assistants-ecommerce.json": [
      {
        "type": "Secret Keyword",
        "filename": "apps/landing/content/pseo/guides/industry/openai-assistants-ecommerce.json",
        "hashed_secret": "113cbc4bf279f3a3ca423e9eb1aa5f3feabd6058",
        "is_verified": false,
        "line_number": 72
      }
    ],
    "apps/landing/content/pseo/guides/industry/openai-assistants-enterprise.json": [
      {
        "type": "Secret Keyword",
        "filename": "apps/landing/content/pseo/guides/industry/openai-assistants-enterprise.json",
        "hashed_secret": "88077133251ca042b9a9985f6b2b60b2cf9da6ae",
        "is_verified": false,
        "line_number": 72
      }
    ],
    "apps/landing/content/pseo/guides/industry/openai-assistants-government.json": [
      {
        "type": "Secret Keyword",
        "filename": "apps/landing/content/pseo/guides/industry/openai-assistants-government.json",
        "hashed_secret": "44d7b116c9b528599f16deaf4f9c44002e4c4e12",
        "is_verified": false,
        "line_number": 72
      }
    ],
    "apps/landing/content/pseo/guides/industry/semantic-kernel-education.json": [
      {
        "type": "Secret Keyword",
        "filename": "apps/landing/content/pseo/guides/industry/semantic-kernel-education.json",
        "hashed_secret": "03e1976ea4919b1817356c15e9370bfeb27c5b4d",
        "is_verified": false,
        "line_number": 78
      }
    ],
    "apps/landing/content/pseo/guides/industry/semantic-kernel-government.json": [
      {
        "type": "Secret Keyword",
        "filename": "apps/landing/content/pseo/guides/industry/semantic-kernel-government.json",
        "hashed_secret": "6b921a1f0b41e5360feff5438da7a98906cc421c",
        "is_verified": false,
        "line_number": 78
      }
    ],
    "apps/landing/content/pseo/guides/instructor.json": [
      {
        "type": "Secret Keyword",
        "filename": "apps/landing/content/pseo/guides/instructor.json",
        "hashed_secret": "f1e015022438e1a0e62f104af2a47f6999a9aec3",
        "is_verified": false,
        "line_number": 99
      }
    ],
    "apps/landing/content/pseo/problem-guides/cross/agent-auth-autogen.json": [
      {
        "type": "Secret Keyword",
        "filename": "apps/landing/content/pseo/problem-guides/cross/agent-auth-autogen.json",
        "hashed_secret": "03e1976ea4919b1817356c15e9370bfeb27c5b4d",
        "is_verified": false,
        "line_number": 85
      }
    ],
    "apps/landing/content/pseo/problem-guides/cross/ai-governance-autogen.json": [
      {
        "type": "Secret Keyword",
        "filename": "apps/landing/content/pseo/problem-guides/cross/ai-governance-autogen.json",
        "hashed_secret": "6d9c68c603e465077bdd49c62347fe54717f83a3",
        "is_verified": false,
        "line_number": 66
      }
    ],
    "apps/landing/content/pseo/problem-guides/cross/ai-governance-haystack.json": [
      {
        "type": "Secret Keyword",
        "filename": "apps/landing/content/pseo/problem-guides/cross/ai-governance-haystack.json",
        "hashed_secret": "6c6d034f7305af950ef07e51c14df34bb382863c",
        "is_verified": false,
        "line_number": 85
      }
    ],
    "apps/landing/content/pseo/problem-guides/cross/bias-detection-autogen.json": [
      {
        "type": "Secret Keyword",
        "filename": "apps/landing/content/pseo/problem-guides/cross/bias-detection-autogen.json",
        "hashed_secret": "6d9c68c603e465077bdd49c62347fe54717f83a3",
        "is_verified": false,
        "line_number": 46
      }
    ],
    "apps/landing/content/pseo/problem-guides/cross/context-window-management-crewai.json": [
      {
        "type": "Secret Keyword",
        "filename": "apps/landing/content/pseo/problem-guides/cross/context-window-management-crewai.json",
        "hashed_secret": "03e1976ea4919b1817356c15e9370bfeb27c5b4d",
        "is_verified": false,
        "line_number": 85
      }
    ],
    "apps/landing/content/pseo/problem-guides/cross/data-leakage-dspy.json": [
      {
        "type": "Basic Auth Credentials",
        "filename": "apps/landing/content/pseo/problem-guides/cross/data-leakage-dspy.json",
        "hashed_secret": "9d4e1e23bd5b727046a9e3b4b7db57bd8d6ee684",
        "is_verified": false,
        "line_number": 33
      }
    ],
    "apps/landing/content/pseo/problem-guides/cross/data-leakage-openai-assistants.json": [
      {
        "type": "Secret Keyword",
        "filename": "apps/landing/content/pseo/problem-guides/cross/data-leakage-openai-assistants.json",
        "hashed_secret": "f3ef12b063dc098f574caa22fe0ce2696db035da",
        "is_verified": false,
        "line_number": 85
      }
    ],
    "apps/landing/content/pseo/problem-guides/cross/data-leakage-pydantic-ai.json": [
      {
        "type": "Secret Keyword",
        "filename": "apps/landing/content/pseo/problem-guides/cross/data-leakage-pydantic-ai.json",
        "hashed_secret": "79697bbd9be06ae4b9bb3da562e92bb6b317987e",
        "is_verified": false,
        "line_number": 52
      }
    ],
    "apps/landing/content/pseo/problem-guides/cross/drift-monitoring-beeai.json": [
      {
        "type": "Secret Keyword",
        "filename": "apps/landing/content/pseo/problem-guides/cross/drift-monitoring-beeai.json",
        "hashed_secret": "f1e015022438e1a0e62f104af2a47f6999a9aec3",
        "is_verified": false,
        "line_number": 85
      }
    ],
    "apps/landing/content/pseo/problem-guides/cross/hallucination-detection-bedrock-agents.json": [
      {
        "type": "Secret Keyword",
        "filename": "apps/landing/content/pseo/problem-guides/cross/hallucination-detection-bedrock-agents.json",
        "hashed_secret": "f1e015022438e1a0e62f104af2a47f6999a9aec3",
        "is_verified": false,
        "line_number": 85
      }
    ],
    "apps/landing/content/pseo/problem-guides/cross/jailbreak-prevention-claude-tool-use.json": [
      {
        "type": "Secret Keyword",
        "filename": "apps/landing/content/pseo/problem-guides/cross/jailbreak-prevention-claude-tool-use.json",
        "hashed_secret": "6d9c68c603e465077bdd49c62347fe54717f83a3",
        "is_verified": false,
        "line_number": 85
      }
    ],
    "apps/landing/content/pseo/problem-guides/cross/jailbreak-prevention-semantic-kernel.json": [
      {
        "type": "Secret Keyword",
        "filename": "apps/landing/content/pseo/problem-guides/cross/jailbreak-prevention-semantic-kernel.json",
        "hashed_secret": "f1e015022438e1a0e62f104af2a47f6999a9aec3",
        "is_verified": false,
        "line_number": 85
      }
    ],
    "apps/landing/content/pseo/problem-guides/cross/memory-management-openai-assistants.json": [
      {
        "type": "Secret Keyword",
        "filename": "apps/landing/content/pseo/problem-guides/cross/memory-management-openai-assistants.json",
        "hashed_secret": "03e1976ea4919b1817356c15e9370bfeb27c5b4d",
        "is_verified": false,
        "line_number": 85
      }
    ],
    "apps/landing/content/pseo/problem-guides/cross/multi-agent-coordination-haystack.json": [
      {
        "type": "Secret Keyword",
        "filename": "apps/landing/content/pseo/problem-guides/cross/multi-agent-coordination-haystack.json",
        "hashed_secret": "f1e015022438e1a0e62f104af2a47f6999a9aec3",
        "is_verified": false,
        "line_number": 85
      }
    ],
    "apps/landing/content/pseo/problem-guides/cross/multi-agent-coordination-openai-assistants.json": [
      {
        "type": "Secret Keyword",
        "filename": "apps/landing/content/pseo/problem-guides/cross/multi-agent-coordination-openai-assistants.json",
        "hashed_secret": "113cbc4bf279f3a3ca423e9eb1aa5f3feabd6058",
        "is_verified": false,
        "line_number": 85
      }
    ],
    "apps/landing/content/pseo/problem-guides/cross/pii-filtering-google-adk.json": [
      {
        "type": "Secret Keyword",
        "filename": "apps/landing/content/pseo/problem-guides/cross/pii-filtering-google-adk.json",
        "hashed_secret": "0a0c405d027d41fb9b3df7ebe37ee28b9f6b148c",
        "is_verified": false,
        "line_number": 85
      }
    ],
    "apps/landing/content/pseo/problem-guides/cross/pii-filtering-semantic-kernel.json": [
      {
        "type": "Secret Keyword",
        "filename": "apps/landing/content/pseo/problem-guides/cross/pii-filtering-semantic-kernel.json",
        "hashed_secret": "03e1976ea4919b1817356c15e9370bfeb27c5b4d",
        "is_verified": false,
        "line_number": 72
      }
    ],
    "apps/landing/content/pseo/problem-guides/cross/testing-strategies-llama-stack.json": [
      {
        "type": "Secret Keyword",
        "filename": "apps/landing/content/pseo/problem-guides/cross/testing-strategies-llama-stack.json",
        "hashed_secret": "03e1976ea4919b1817356c15e9370bfeb27c5b4d",
        "is_verified": false,
        "line_number": 85
      }
    ],
    "apps/web/app/home/[account]/docs/_components/docs-content.tsx": [
      {
        "type": "Secret Keyword",
        "filename": "apps/web/app/home/[account]/docs/_components/docs-content.tsx",
        "hashed_secret": "11fa7c37d697f30e6aee828b4426a10f83ab2380",
        "is_verified": false,
        "line_number": 106,
        "is_secret": false
      },
      {
        "type": "Secret Keyword",
        "filename": "apps/web/app/home/[account]/docs/_components/docs-content.tsx",
        "hashed_secret": "6d9c68c603e465077bdd49c62347fe54717f83a3",
        "is_verified": false,
        "line_number": 483,
        "is_secret": false
      }
    ],
    "apps/web/components/featurebase-messenger.tsx": [
      {
        "type": "Hex High Entropy String",
        "filename": "apps/web/components/featurebase-messenger.tsx",
        "hashed_secret": "487171aac62bc7a7954babbfc725f2a3dc9bcb2b",
        "is_verified": false,
        "line_number": 36,
        "is_secret": false
      }
    ],
    "apps/web/config/auth.config.ts": [
      {
        "type": "Secret Keyword",
        "filename": "apps/web/config/auth.config.ts",
        "hashed_secret": "5ffe533b830f08a0326348a9160afafc8ada44db",
        "is_verified": false,
        "line_number": 55,
        "is_secret": false
      }
    ],
    "apps/web/config/billing.config.ts": [
      {
        "type": "Base64 High Entropy String",
        "filename": "apps/web/config/billing.config.ts",
        "hashed_secret": "9130512a26d8c012ce6ae28c1da5453c1a617a37",
        "is_verified": false,
        "line_number": 23,
        "is_secret": false
      },
      {
        "type": "Base64 High Entropy String",
        "filename": "apps/web/config/billing.config.ts",
        "hashed_secret": "70b0028d54a4d7ee4e2e8eedfccc245eeb6f2393",
        "is_verified": false,
        "line_number": 69,
        "is_secret": false
      },
      {
        "type": "Base64 High Entropy String",
        "filename": "apps/web/config/billing.config.ts",
        "hashed_secret": "93b553e119d5a5527d37ce908fc06cdf9f9bcd14",
        "is_verified": false,
        "line_number": 83,
        "is_secret": false
      },
      {
        "type": "Base64 High Entropy String",
        "filename": "apps/web/config/billing.config.ts",
        "hashed_secret": "f5643485e34473da67903da3ad3a6aa6a3b5d2a4",
        "is_verified": false,
        "line_number": 114,
        "is_secret": false
      },
      {
        "type": "Base64 High Entropy String",
        "filename": "apps/web/config/billing.config.ts",
        "hashed_secret": "87270c06a4ecd1f5d90dd5e34b460eec332ede0d",
        "is_verified": false,
        "line_number": 128,
        "is_secret": false
      }
    ],
    "apps/web/config/billing.sample.config.ts": [
      {
        "type": "Base64 High Entropy String",
        "filename": "apps/web/config/billing.sample.config.ts",
        "hashed_secret": "a445033a7d85ee17ad5e9c71dcb1350bc692105d",
        "is_verified": false,
        "line_number": 72,
        "is_secret": false
      }
    ],
    "apps/web/content/documentation/authentication/email-password.mdoc": [
      {
        "type": "Secret Keyword",
        "filename": "apps/web/content/documentation/authentication/email-password.mdoc",
        "hashed_secret": "463d8353f4b927fd953e5af7c41084183e8ce5fb",
        "is_verified": false,
        "line_number": 30,
        "is_secret": false
      }
    ],
    "apps/web/proxy.ts": [
      {
        "type": "Secret Keyword",
        "filename": "apps/web/proxy.ts",
        "hashed_secret": "fb23222a82d3fc0120ff287e546fee1be335c81a",
        "is_verified": false,
        "line_number": 14,
        "is_secret": false
      }
    ],
    "apps/web/public/locales/en/account.json": [
      {
        "type": "Secret Keyword",
        "filename": "apps/web/public/locales/en/account.json",
        "hashed_secret": "b7fd29f1da5b0eeae851e37dc15ddb78bf0bc177",
        "is_verified": false,
        "line_number": 11,
        "is_secret": false
      },
      {
        "type": "Secret Keyword",
        "filename": "apps/web/public/locales/en/account.json",
        "hashed_secret": "2825ed5fcca77f3ea2c96ce878eb35c6d388a37c",
        "is_verified": false,
        "line_number": 12,
        "is_secret": false
      },
      {
        "type": "Secret Keyword",
        "filename": "apps/web/public/locales/en/account.json",
        "hashed_secret": "fd4a5b254a278e29de0b1d4ec7254bcedc78cbb8",
        "is_verified": false,
        "line_number": 13,
        "is_secret": false
      },
      {
        "type": "Secret Keyword",
        "filename": "apps/web/public/locales/en/account.json",
        "hashed_secret": "008dc55c5647aea6025b4945bed43eaa66eac1ca",
        "is_verified": false,
        "line_number": 14,
        "is_secret": false
      },
      {
        "type": "Secret Keyword",
        "filename": "apps/web/public/locales/en/account.json",
        "hashed_secret": "58424d82ad00503da94ccba3e39e793673f4a33b",
        "is_verified": false,
        "line_number": 24,
        "is_secret": false
      },
      {
        "type": "Secret Keyword",
        "filename": "apps/web/public/locales/en/account.json",
        "hashed_secret": "80d729e6b50b92ea93d864d8c1931d905e87ae27",
        "is_verified": false,
        "line_number": 25,
        "is_secret": false
      },
      {
        "type": "Secret Keyword",
        "filename": "apps/web/public/locales/en/account.json",
        "hashed_secret": "4d5967896006c8a626ecef45e6312f6fc7d5b52f",
        "is_verified": false,
        "line_number": 26,
        "is_secret": false
      },
      {
        "type": "Secret Keyword",
        "filename": "apps/web/public/locales/en/account.json",
        "hashed_secret": "4894cb39ee419a77b480060f3e4a6d0a4d0fa01f",
        "is_verified": false,
        "line_number": 27,
        "is_secret": false
      },
      {
        "type": "Secret Keyword",
        "filename": "apps/web/public/locales/en/account.json",
        "hashed_secret": "20a470f821ebc0f72f4f9bbdb157db6d7724d85a",
        "is_verified": false,
        "line_number": 28,
        "is_secret": false
      },
      {
        "type": "Secret Keyword",
        "filename": "apps/web/public/locales/en/account.json",
        "hashed_secret": "bfcf2e12680835793a08854d5e3019ebb559c3f8",
        "is_verified": false,
        "line_number": 29,
        "is_secret": false
      },
      {
        "type": "Secret Keyword",
        "filename": "apps/web/public/locales/en/account.json",
        "hashed_secret": "978da615d2f4ded6060f80addd5225ab80fd770f",
        "is_verified": false,
        "line_number": 30,
        "is_secret": false
      },
      {
        "type": "Secret Keyword",
        "filename": "apps/web/public/locales/en/account.json",
        "hashed_secret": "61dcf34e70921088cddc6b8a5de3610727725562",
        "is_verified": false,
        "line_number": 31,
        "is_secret": false
      },
      {
        "type": "Secret Keyword",
        "filename": "apps/web/public/locales/en/account.json",
        "hashed_secret": "29b44ab1a9b9e071d8f9b44f8c608f010b4015f4",
        "is_verified": false,
        "line_number": 43,
        "is_secret": false
      },
      {
        "type": "Secret Keyword",
        "filename": "apps/web/public/locales/en/account.json",
        "hashed_secret": "fd856683f05e6eeb3e3b74fe7511e1d0e4ffeca7",
        "is_verified": false,
        "line_number": 45,
        "is_secret": false
      },
      {
        "type": "Secret Keyword",
        "filename": "apps/web/public/locales/en/account.json",
        "hashed_secret": "9b2ab3c644a44ea7602cb737d97ebd9b9e3f4cad",
        "is_verified": false,
        "line_number": 122,
        "is_secret": false
      },
      {
        "type": "Secret Keyword",
        "filename": "apps/web/public/locales/en/account.json",
        "hashed_secret": "eeb31887efbd0658ec57c0e02b54501fc88b3636",
        "is_verified": false,
        "line_number": 123,
        "is_secret": false
      },
      {
        "type": "Secret Keyword",
        "filename": "apps/web/public/locales/en/account.json",
        "hashed_secret": "b239b1af5f7533b7b2cb996917bf7ee2dc6a1b92",
        "is_verified": false,
        "line_number": 124,
        "is_secret": false
      },
      {
        "type": "Secret Keyword",
        "filename": "apps/web/public/locales/en/account.json",
        "hashed_secret": "992c9beb0ba6eca8a23fd0f1de7671688e52864f",
        "is_verified": false,
        "line_number": 137,
        "is_secret": false
      },
      {
        "type": "Secret Keyword",
        "filename": "apps/web/public/locales/en/account.json",
        "hashed_secret": "cec30a014e79024c8a27f6b9e739697d8f0e0060",
        "is_verified": false,
        "line_number": 138,
        "is_secret": false
      }
    ],
    "apps/web/public/locales/en/agentguard.json": [
      {
        "type": "Secret Keyword",
        "filename": "apps/web/public/locales/en/agentguard.json",
        "hashed_secret": "e18ffc8d675b3373609c75f5cc1a7a229b887ed6",
        "is_verified": false,
        "line_number": 40,
        "is_secret": false
      }
    ],
    "apps/web/public/locales/en/auth.json": [
      {
        "type": "Secret Keyword",
        "filename": "apps/web/public/locales/en/auth.json",
        "hashed_secret": "61dcf34e70921088cddc6b8a5de3610727725562",
        "is_verified": false,
        "line_number": 9,
        "is_secret": false
      },
      {
        "type": "Secret Keyword",
        "filename": "apps/web/public/locales/en/auth.json",
        "hashed_secret": "a004da14510191d929bb49d38b2bd577bd2388b6",
        "is_verified": false,
        "line_number": 30,
        "is_secret": false
      },
      {
        "type": "Secret Keyword",
        "filename": "apps/web/public/locales/en/auth.json",
        "hashed_secret": "366c2415f45eda358aa31b5d67c61f41a43a2bd0",
        "is_verified": false,
        "line_number": 31,
        "is_secret": false
      },
      {
        "type": "Secret Keyword",
        "filename": "apps/web/public/locales/en/auth.json",
        "hashed_secret": "1cc8d1815154fb6f9346049babcf6b879151f5f9",
        "is_verified": false,
        "line_number": 32,
        "is_secret": false
      },
      {
        "type": "Secret Keyword",
        "filename": "apps/web/public/locales/en/auth.json",
        "hashed_secret": "3fb75e3bfe4de94eb5198656fa9de95352dab915",
        "is_verified": false,
        "line_number": 33,
        "is_secret": false
      },
      {
        "type": "Secret Keyword",
        "filename": "apps/web/public/locales/en/auth.json",
        "hashed_secret": "2eb383eff3f1e1fe2377a349586ae998cc0b7b0a",
        "is_verified": false,
        "line_number": 34,
        "is_secret": false
      },
      {
        "type": "Secret Keyword",
        "filename": "apps/web/public/locales/en/auth.json",
        "hashed_secret": "e52a7d4dc0214b5417c68dce1cf98f1ca4a006b4",
        "is_verified": false,
        "line_number": 35,
        "is_secret": false
      },
      {
        "type": "Secret Keyword",
        "filename": "apps/web/public/locales/en/auth.json",
        "hashed_secret": "d1494a114458ee9e018380a622d0a3499c5c018c",
        "is_verified": false,
        "line_number": 36,
        "is_secret": false
      },
      {
        "type": "Secret Keyword",
        "filename": "apps/web/public/locales/en/auth.json",
        "hashed_secret": "cfaa894f55cfe242b5166a75d304f20a19318f34",
        "is_verified": false,
        "line_number": 37,
        "is_secret": false
      },
      {
        "type": "Secret Keyword",
        "filename": "apps/web/public/locales/en/auth.json",
        "hashed_secret": "1e68030ef64545c7ce10b3d6a5dd10a5b9622c16",
        "is_verified": false,
        "line_number": 65,
        "is_secret": false
      },
      {
        "type": "Secret Keyword",
        "filename": "apps/web/public/locales/en/auth.json",
        "hashed_secret": "cc6af8628ebaa0a2f319425b7e0fa1feb91555bc",
        "is_verified": false,
        "line_number": 75,
        "is_secret": false
      },
      {
        "type": "Secret Keyword",
        "filename": "apps/web/public/locales/en/auth.json",
        "hashed_secret": "47a760409b605b211999f45a030ef4a01f1e8bdd",
        "is_verified": false,
        "line_number": 95,
        "is_secret": false
      },
      {
        "type": "Secret Keyword",
        "filename": "apps/web/public/locales/en/auth.json",
        "hashed_secret": "d24f78a66a258fd75cc8d69bf8d8534bf03de913",
        "is_verified": false,
        "line_number": 96,
        "is_secret": false
      },
      {
        "type": "Secret Keyword",
        "filename": "apps/web/public/locales/en/auth.json",
        "hashed_secret": "2965a9f801e3f3a5f5a7e382c2702b3e44bfa96b",
        "is_verified": false,
        "line_number": 97,
        "is_secret": false
      },
      {
        "type": "Secret Keyword",
        "filename": "apps/web/public/locales/en/auth.json",
        "hashed_secret": "f1b9e6ef37a1372a3dff68095131cb4b68ad2d16",
        "is_verified": false,
        "line_number": 98,
        "is_secret": false
      },
      {
        "type": "Secret Keyword",
        "filename": "apps/web/public/locales/en/auth.json",
        "hashed_secret": "79831922c209a1b1201812ddfcc5f0cce054a362",
        "is_verified": false,
        "line_number": 100,
        "is_secret": false
      },
      {
        "type": "Secret Keyword",
        "filename": "apps/web/public/locales/en/auth.json",
        "hashed_secret": "038eb8fc3790c27f0d0858d6449ea7738c10166a",
        "is_verified": false,
        "line_number": 103,
        "is_secret": false
      }
    ],
    "apps/web/public/locales/en/common.json": [
      {
        "type": "Secret Keyword",
        "filename": "apps/web/public/locales/en/common.json",
        "hashed_secret": "8be3c943b1609fffbfc51aad666d0a04adf83c9d",
        "is_verified": false,
        "line_number": 15,
        "is_secret": false
      }
    ],
    "apps/web/supabase/tests/database/00000-dbdev.sql": [
      {
        "type": "JSON Web Token",
        "filename": "apps/web/supabase/tests/database/00000-dbdev.sql",
        "hashed_secret": "a4e46e249d992b906ce72c50cd5f8eb8734b0750",
        "is_verified": false,
        "line_number": 42,
        "is_secret": false
      }
    ],
    "packages/billing/stripe/src/schema/stripe-server-env.schema.ts": [
      {
        "type": "Secret Keyword",
        "filename": "packages/billing/stripe/src/schema/stripe-server-env.schema.ts",
        "hashed_secret": "9f0eebb9374c9b37602b8a2d8533283ec4d7165b",
        "is_verified": false,
        "line_number": 19,
        "is_secret": false
      }
    ],
    "packages/features/auth/src/schemas/password.schema.ts": [
      {
        "type": "Secret Keyword",
        "filename": "packages/features/auth/src/schemas/password.schema.ts",
        "hashed_secret": "5ffe533b830f08a0326348a9160afafc8ada44db",
        "is_verified": false,
        "line_number": 11,
        "is_secret": false
      }
    ],
    "packages/mcp-server/src/tools/database.ts": [
      {
        "type": "Basic Auth Credentials",
        "filename": "packages/mcp-server/src/tools/database.ts",
        "hashed_secret": "afc848c316af1a89d49826c5ae9d00ed769415f3",
        "is_verified": false,
        "line_number": 9,
        "is_secret": false
      }
    ]
  },
  "generated_at": "2026-03-12T18:29:11Z"
}
