// Vitest Snapshot v1, https://vitest.dev/guide/snapshot.html

exports[`lib/seo/llms-txt > matches snapshot 1`] = `
"# Vex

> Vex helps founders shipping AI agents prevent hallucinations, drift, and policy violations from reaching customers through continuous runtime verification with 3-layer auto-correction.

Last updated: 2026-04-25

## Pricing
- Free — $0/mo · 1,000 / mo · Developers exploring AI agent reliability
- Starter — $29/mo · 25,000 / mo · Founders running 1-2 agents in production
- Pro — $99/mo · 150,000 / mo · Teams shipping agents to production
- Team — $349/mo · 1,500,000 / mo · Organizations running agents at scale
- Enterprise — custom (hello@tryvex.dev)

Machine-readable: https://tryvex.dev/api/pricing

## Key URLs
- Home: https://tryvex.dev
- Pricing: https://tryvex.dev/pricing
- Docs: https://docs.tryvex.dev
- App: https://app.tryvex.dev
- Compare: https://tryvex.dev/compare

## Frameworks supported
LangChain, CrewAI, OpenAI Assistants, custom Python/TypeScript agents

## Categories
- AI agent observability
- Runtime guardrails
- LLM reliability
- Hallucination detection
"
`;
